------------------------------------------------------------
TimeQuest Timing Analyzer Summary
------------------------------------------------------------

Type  : Slow 1200mV 85C Model Setup 'CLK'
Slack : -0.023
TNS   : -0.023

Type  : Slow 1200mV 85C Model Hold 'CLK'
Slack : 0.356
TNS   : 0.000

Type  : Slow 1200mV 85C Model Recovery 'CLK'
Slack : -0.741
TNS   : -2.223

Type  : Slow 1200mV 85C Model Removal 'CLK'
Slack : 1.190
TNS   : 0.000

Type  : Slow 1200mV 85C Model Minimum Pulse Width 'CLK'
Slack : -3.000
TNS   : -6.000

Type  : Slow 1200mV 0C Model Setup 'CLK'
Slack : 0.095
TNS   : 0.000

Type  : Slow 1200mV 0C Model Hold 'CLK'
Slack : 0.310
TNS   : 0.000

Type  : Slow 1200mV 0C Model Recovery 'CLK'
Slack : -0.561
TNS   : -1.683

Type  : Slow 1200mV 0C Model Removal 'CLK'
Slack : 1.068
TNS   : 0.000

Type  : Slow 1200mV 0C Model Minimum Pulse Width 'CLK'
Slack : -3.000
TNS   : -6.000

Type  : Fast 1200mV 0C Model Setup 'CLK'
Slack : 0.424
TNS   : 0.000

Type  : Fast 1200mV 0C Model Hold 'CLK'
Slack : 0.186
TNS   : 0.000

Type  : Fast 1200mV 0C Model Recovery 'CLK'
Slack : 0.019
TNS   : 0.000

Type  : Fast 1200mV 0C Model Removal 'CLK'
Slack : 0.657
TNS   : 0.000

Type  : Fast 1200mV 0C Model Minimum Pulse Width 'CLK'
Slack : -3.000
TNS   : -6.078

------------------------------------------------------------
